finishline
fawnshoppe
shopbabygogreen
childrensalon
shanandtoad
